.next/dev/types/validator.ts(4041,31): error TS2344: Type 'typeof import("/home/polash/Shohoj/Shohoj Ledger/app/api/crm/customers/[id]/addresses/[addressId]/route")' does not satisfy the constraint 'RouteHandlerConfig<"/api/crm/customers/[id]/addresses/[addressId]">'.
  Types of property 'PUT' are incompatible.
    Type '(request: Request, { params }: { params: { addressId: string; }; }) => Promise<NextResponse<{ id: string; companyId: string; type: string; createdAt: Date; updatedAt: Date; customerId: string; ... 6 more ...; addressLine2: string | null; }> | NextResponse<...>>' is not assignable to type '(request: NextRequest, context: { params: Promise<{ id: string; addressId: string; }>; }) => void | Response | Promise<void | Response>'.
      Types of parameters '__1' and 'context' are incompatible.
        Type '{ params: Promise<{ id: string; addressId: string; }>; }' is not assignable to type '{ params: { addressId: string; }; }'.
          Types of property 'params' are incompatible.
            Property 'addressId' is missing in type 'Promise<{ id: string; addressId: string; }>' but required in type '{ addressId: string; }'.
.next/dev/types/validator.ts(4059,31): error TS2344: Type 'typeof import("/home/polash/Shohoj/Shohoj Ledger/app/api/crm/customers/[id]/contacts/[contactId]/route")' does not satisfy the constraint 'RouteHandlerConfig<"/api/crm/customers/[id]/contacts/[contactId]">'.
  Types of property 'PUT' are incompatible.
    Type '(request: Request, { params }: { params: { contactId: string; }; }) => Promise<NextResponse<{ id: string; companyId: string; createdAt: Date; email: string | null; phone: string | null; designation: string | null; ... 4 more ...; isPrimary: boolean; }> | NextResponse<...>>' is not assignable to type '(request: NextRequest, context: { params: Promise<{ id: string; contactId: string; }>; }) => void | Response | Promise<void | Response>'.
      Types of parameters '__1' and 'context' are incompatible.
        Type '{ params: Promise<{ id: string; contactId: string; }>; }' is not assignable to type '{ params: { contactId: string; }; }'.
          Types of property 'params' are incompatible.
            Property 'contactId' is missing in type 'Promise<{ id: string; contactId: string; }>' but required in type '{ contactId: string; }'.
.next/dev/types/validator.ts(4113,31): error TS2344: Type 'typeof import("/home/polash/Shohoj/Shohoj Ledger/app/api/crm/customers/groups/[id]/route")' does not satisfy the constraint 'RouteHandlerConfig<"/api/crm/customers/groups/[id]">'.
  Types of property 'PUT' are incompatible.
    Type '(request: Request, { params }: { params: { id: string; }; }) => Promise<NextResponse<{ id: string; companyId: string; description: string | null; createdAt: Date; updatedAt: Date; name: string; isActive: boolean; }> | NextResponse<...>>' is not assignable to type '(request: NextRequest, context: { params: Promise<{ id: string; }>; }) => void | Response | Promise<void | Response>'.
      Types of parameters '__1' and 'context' are incompatible.
        Type '{ params: Promise<{ id: string; }>; }' is not assignable to type '{ params: { id: string; }; }'.
          Types of property 'params' are incompatible.
            Property 'id' is missing in type 'Promise<{ id: string; }>' but required in type '{ id: string; }'.
.next/dev/types/validator.ts(4203,31): error TS2344: Type 'typeof import("/home/polash/Shohoj/Shohoj Ledger/app/api/crm/opportunities/[id]/activities/route")' does not satisfy the constraint 'RouteHandlerConfig<"/api/crm/opportunities/[id]/activities">'.
  Types of property 'GET' are incompatible.
    Type '(request: Request, { params }: { params: { id: string; }; }) => Promise<NextResponse<{ id: string; description: string | null; createdAt: Date; activityDate: Date; activityType: string; createdById: string; subject: string; opportunityId: string; }[]> | NextResponse<...>>' is not assignable to type '(request: NextRequest, context: { params: Promise<{ id: string; }>; }) => void | Response | Promise<void | Response>'.
      Types of parameters '__1' and 'context' are incompatible.
        Type '{ params: Promise<{ id: string; }>; }' is not assignable to type '{ params: { id: string; }; }'.
          Types of property 'params' are incompatible.
            Property 'id' is missing in type 'Promise<{ id: string; }>' but required in type '{ id: string; }'.
.next/dev/types/validator.ts(4212,31): error TS2344: Type 'typeof import("/home/polash/Shohoj/Shohoj Ledger/app/api/crm/opportunities/[id]/route")' does not satisfy the constraint 'RouteHandlerConfig<"/api/crm/opportunities/[id]">'.
  Types of property 'GET' are incompatible.
    Type '(request: Request, { params }: { params: { id: string; }; }) => Promise<NextResponse<{ lead: { id: string; companyId: string | null; createdAt: Date; createdById: string | null; email: string | null; ... 30 more ...; rating: LeadRating | null; } | null; ... 4 more ...; stage: { ...; }; } & { ...; }> | NextResponse<....' is not assignable to type '(request: NextRequest, context: { params: Promise<{ id: string; }>; }) => void | Response | Promise<void | Response>'.
      Types of parameters '__1' and 'context' are incompatible.
        Type '{ params: Promise<{ id: string; }>; }' is not assignable to type '{ params: { id: string; }; }'.
          Types of property 'params' are incompatible.
            Property 'id' is missing in type 'Promise<{ id: string; }>' but required in type '{ id: string; }'.
.next/dev/types/validator.ts(4221,31): error TS2344: Type 'typeof import("/home/polash/Shohoj/Shohoj Ledger/app/api/crm/opportunities/[id]/status/route")' does not satisfy the constraint 'RouteHandlerConfig<"/api/crm/opportunities/[id]/status">'.
  Types of property 'PUT' are incompatible.
    Type '(request: Request, { params }: { params: { id: string; }; }) => Promise<NextResponse<{ id: string; companyId: string; leadId: string | null; description: string | null; createdAt: Date; createdById: string; ... 15 more ...; pipelineId: string | null; }> | NextResponse<...>>' is not assignable to type '(request: NextRequest, context: { params: Promise<{ id: string; }>; }) => void | Response | Promise<void | Response>'.
      Types of parameters '__1' and 'context' are incompatible.
        Type '{ params: Promise<{ id: string; }>; }' is not assignable to type '{ params: { id: string; }; }'.
          Types of property 'params' are incompatible.
            Property 'id' is missing in type 'Promise<{ id: string; }>' but required in type '{ id: string; }'.
.next/dev/types/validator.ts(4239,31): error TS2344: Type 'typeof import("/home/polash/Shohoj/Shohoj Ledger/app/api/crm/opportunities/pipelines/[id]/route")' does not satisfy the constraint 'RouteHandlerConfig<"/api/crm/opportunities/pipelines/[id]">'.
  Types of property 'PUT' are incompatible.
    Type '(request: Request, { params }: { params: { id: string; }; }) => Promise<NextResponse<{ id: string; companyId: string; description: string | null; createdAt: Date; updatedAt: Date; name: string; isDefault: boolean; }> | NextResponse<...>>' is not assignable to type '(request: NextRequest, context: { params: Promise<{ id: string; }>; }) => void | Response | Promise<void | Response>'.
      Types of parameters '__1' and 'context' are incompatible.
        Type '{ params: Promise<{ id: string; }>; }' is not assignable to type '{ params: { id: string; }; }'.
          Types of property 'params' are incompatible.
            Property 'id' is missing in type 'Promise<{ id: string; }>' but required in type '{ id: string; }'.
.next/dev/types/validator.ts(4518,31): error TS2344: Type 'typeof import("/home/polash/Shohoj/Shohoj Ledger/app/api/ess/tasks/[id]/route")' does not satisfy the constraint 'RouteHandlerConfig<"/api/ess/tasks/[id]">'.
  Types of property 'PATCH' are incompatible.
    Type '(request: Request, { params }: { params: { id: string; }; }) => Promise<NextResponse<{ error: string; }> | NextResponse<{ success: boolean; task: { id: string; companyId: string | null; description: string | null; ... 12 more ...; estimatedHours: Decimal | null; }; }>>' is not assignable to type '(request: NextRequest, context: { params: Promise<{ id: string; }>; }) => void | Response | Promise<void | Response>'.
      Types of parameters '__1' and 'context' are incompatible.
        Type '{ params: Promise<{ id: string; }>; }' is not assignable to type '{ params: { id: string; }; }'.
          Types of property 'params' are incompatible.
            Property 'id' is missing in type 'Promise<{ id: string; }>' but required in type '{ id: string; }'.
.next/dev/types/validator.ts(5067,31): error TS2344: Type 'typeof import("/home/polash/Shohoj/Shohoj Ledger/app/api/supplier-categories/[id]/route")' does not satisfy the constraint 'RouteHandlerConfig<"/api/supplier-categories/[id]">'.
  Types of property 'PATCH' are incompatible.
    Type '(req: Request, { params }: { params: { id: string; }; }) => Promise<NextResponse<{ error: string; }> | NextResponse<{ category: { id: string; companyId: string; description: string | null; createdAt: Date; systemSource: string; updatedAt: Date; name: string; }; }>>' is not assignable to type '(request: NextRequest, context: { params: Promise<{ id: string; }>; }) => void | Response | Promise<void | Response>'.
      Types of parameters '__1' and 'context' are incompatible.
        Type '{ params: Promise<{ id: string; }>; }' is not assignable to type '{ params: { id: string; }; }'.
          Types of property 'params' are incompatible.
            Property 'id' is missing in type 'Promise<{ id: string; }>' but required in type '{ id: string; }'.
.next/types/validator.ts(4041,31): error TS2344: Type 'typeof import("/home/polash/Shohoj/Shohoj Ledger/app/api/crm/customers/[id]/addresses/[addressId]/route")' does not satisfy the constraint 'RouteHandlerConfig<"/api/crm/customers/[id]/addresses/[addressId]">'.
  Types of property 'PUT' are incompatible.
    Type '(request: Request, { params }: { params: { addressId: string; }; }) => Promise<NextResponse<{ id: string; companyId: string; type: string; createdAt: Date; updatedAt: Date; customerId: string; ... 6 more ...; addressLine2: string | null; }> | NextResponse<...>>' is not assignable to type '(request: NextRequest, context: { params: Promise<{ id: string; addressId: string; }>; }) => void | Response | Promise<void | Response>'.
      Types of parameters '__1' and 'context' are incompatible.
        Type '{ params: Promise<{ id: string; addressId: string; }>; }' is not assignable to type '{ params: { addressId: string; }; }'.
          Types of property 'params' are incompatible.
            Property 'addressId' is missing in type 'Promise<{ id: string; addressId: string; }>' but required in type '{ addressId: string; }'.
.next/types/validator.ts(4059,31): error TS2344: Type 'typeof import("/home/polash/Shohoj/Shohoj Ledger/app/api/crm/customers/[id]/contacts/[contactId]/route")' does not satisfy the constraint 'RouteHandlerConfig<"/api/crm/customers/[id]/contacts/[contactId]">'.
  Types of property 'PUT' are incompatible.
    Type '(request: Request, { params }: { params: { contactId: string; }; }) => Promise<NextResponse<{ id: string; companyId: string; createdAt: Date; email: string | null; phone: string | null; designation: string | null; ... 4 more ...; isPrimary: boolean; }> | NextResponse<...>>' is not assignable to type '(request: NextRequest, context: { params: Promise<{ id: string; contactId: string; }>; }) => void | Response | Promise<void | Response>'.
      Types of parameters '__1' and 'context' are incompatible.
        Type '{ params: Promise<{ id: string; contactId: string; }>; }' is not assignable to type '{ params: { contactId: string; }; }'.
          Types of property 'params' are incompatible.
            Property 'contactId' is missing in type 'Promise<{ id: string; contactId: string; }>' but required in type '{ contactId: string; }'.
.next/types/validator.ts(4113,31): error TS2344: Type 'typeof import("/home/polash/Shohoj/Shohoj Ledger/app/api/crm/customers/groups/[id]/route")' does not satisfy the constraint 'RouteHandlerConfig<"/api/crm/customers/groups/[id]">'.
  Types of property 'PUT' are incompatible.
    Type '(request: Request, { params }: { params: { id: string; }; }) => Promise<NextResponse<{ id: string; companyId: string; description: string | null; createdAt: Date; updatedAt: Date; name: string; isActive: boolean; }> | NextResponse<...>>' is not assignable to type '(request: NextRequest, context: { params: Promise<{ id: string; }>; }) => void | Response | Promise<void | Response>'.
      Types of parameters '__1' and 'context' are incompatible.
        Type '{ params: Promise<{ id: string; }>; }' is not assignable to type '{ params: { id: string; }; }'.
          Types of property 'params' are incompatible.
            Property 'id' is missing in type 'Promise<{ id: string; }>' but required in type '{ id: string; }'.
.next/types/validator.ts(4203,31): error TS2344: Type 'typeof import("/home/polash/Shohoj/Shohoj Ledger/app/api/crm/opportunities/[id]/activities/route")' does not satisfy the constraint 'RouteHandlerConfig<"/api/crm/opportunities/[id]/activities">'.
  Types of property 'GET' are incompatible.
    Type '(request: Request, { params }: { params: { id: string; }; }) => Promise<NextResponse<{ id: string; description: string | null; createdAt: Date; activityDate: Date; activityType: string; createdById: string; subject: string; opportunityId: string; }[]> | NextResponse<...>>' is not assignable to type '(request: NextRequest, context: { params: Promise<{ id: string; }>; }) => void | Response | Promise<void | Response>'.
      Types of parameters '__1' and 'context' are incompatible.
        Type '{ params: Promise<{ id: string; }>; }' is not assignable to type '{ params: { id: string; }; }'.
          Types of property 'params' are incompatible.
            Property 'id' is missing in type 'Promise<{ id: string; }>' but required in type '{ id: string; }'.
.next/types/validator.ts(4212,31): error TS2344: Type 'typeof import("/home/polash/Shohoj/Shohoj Ledger/app/api/crm/opportunities/[id]/route")' does not satisfy the constraint 'RouteHandlerConfig<"/api/crm/opportunities/[id]">'.
  Types of property 'GET' are incompatible.
    Type '(request: Request, { params }: { params: { id: string; }; }) => Promise<NextResponse<{ lead: { id: string; companyId: string | null; createdAt: Date; createdById: string | null; email: string | null; ... 30 more ...; rating: LeadRating | null; } | null; ... 4 more ...; stage: { ...; }; } & { ...; }> | NextResponse<....' is not assignable to type '(request: NextRequest, context: { params: Promise<{ id: string; }>; }) => void | Response | Promise<void | Response>'.
      Types of parameters '__1' and 'context' are incompatible.
        Type '{ params: Promise<{ id: string; }>; }' is not assignable to type '{ params: { id: string; }; }'.
          Types of property 'params' are incompatible.
            Property 'id' is missing in type 'Promise<{ id: string; }>' but required in type '{ id: string; }'.
.next/types/validator.ts(4221,31): error TS2344: Type 'typeof import("/home/polash/Shohoj/Shohoj Ledger/app/api/crm/opportunities/[id]/status/route")' does not satisfy the constraint 'RouteHandlerConfig<"/api/crm/opportunities/[id]/status">'.
  Types of property 'PUT' are incompatible.
    Type '(request: Request, { params }: { params: { id: string; }; }) => Promise<NextResponse<{ id: string; companyId: string; leadId: string | null; description: string | null; createdAt: Date; createdById: string; ... 15 more ...; pipelineId: string | null; }> | NextResponse<...>>' is not assignable to type '(request: NextRequest, context: { params: Promise<{ id: string; }>; }) => void | Response | Promise<void | Response>'.
      Types of parameters '__1' and 'context' are incompatible.
        Type '{ params: Promise<{ id: string; }>; }' is not assignable to type '{ params: { id: string; }; }'.
          Types of property 'params' are incompatible.
            Property 'id' is missing in type 'Promise<{ id: string; }>' but required in type '{ id: string; }'.
.next/types/validator.ts(4239,31): error TS2344: Type 'typeof import("/home/polash/Shohoj/Shohoj Ledger/app/api/crm/opportunities/pipelines/[id]/route")' does not satisfy the constraint 'RouteHandlerConfig<"/api/crm/opportunities/pipelines/[id]">'.
  Types of property 'PUT' are incompatible.
    Type '(request: Request, { params }: { params: { id: string; }; }) => Promise<NextResponse<{ id: string; companyId: string; description: string | null; createdAt: Date; updatedAt: Date; name: string; isDefault: boolean; }> | NextResponse<...>>' is not assignable to type '(request: NextRequest, context: { params: Promise<{ id: string; }>; }) => void | Response | Promise<void | Response>'.
      Types of parameters '__1' and 'context' are incompatible.
        Type '{ params: Promise<{ id: string; }>; }' is not assignable to type '{ params: { id: string; }; }'.
          Types of property 'params' are incompatible.
            Property 'id' is missing in type 'Promise<{ id: string; }>' but required in type '{ id: string; }'.
.next/types/validator.ts(4518,31): error TS2344: Type 'typeof import("/home/polash/Shohoj/Shohoj Ledger/app/api/ess/tasks/[id]/route")' does not satisfy the constraint 'RouteHandlerConfig<"/api/ess/tasks/[id]">'.
  Types of property 'PATCH' are incompatible.
    Type '(request: Request, { params }: { params: { id: string; }; }) => Promise<NextResponse<{ error: string; }> | NextResponse<{ success: boolean; task: { id: string; companyId: string | null; description: string | null; ... 12 more ...; estimatedHours: Decimal | null; }; }>>' is not assignable to type '(request: NextRequest, context: { params: Promise<{ id: string; }>; }) => void | Response | Promise<void | Response>'.
      Types of parameters '__1' and 'context' are incompatible.
        Type '{ params: Promise<{ id: string; }>; }' is not assignable to type '{ params: { id: string; }; }'.
          Types of property 'params' are incompatible.
            Property 'id' is missing in type 'Promise<{ id: string; }>' but required in type '{ id: string; }'.
.next/types/validator.ts(5067,31): error TS2344: Type 'typeof import("/home/polash/Shohoj/Shohoj Ledger/app/api/supplier-categories/[id]/route")' does not satisfy the constraint 'RouteHandlerConfig<"/api/supplier-categories/[id]">'.
  Types of property 'PATCH' are incompatible.
    Type '(req: Request, { params }: { params: { id: string; }; }) => Promise<NextResponse<{ error: string; }> | NextResponse<{ category: { id: string; companyId: string; description: string | null; createdAt: Date; systemSource: string; updatedAt: Date; name: string; }; }>>' is not assignable to type '(request: NextRequest, context: { params: Promise<{ id: string; }>; }) => void | Response | Promise<void | Response>'.
      Types of parameters '__1' and 'context' are incompatible.
        Type '{ params: Promise<{ id: string; }>; }' is not assignable to type '{ params: { id: string; }; }'.
          Types of property 'params' are incompatible.
            Property 'id' is missing in type 'Promise<{ id: string; }>' but required in type '{ id: string; }'.
app/api/crm/customers/stats/route.ts(16,51): error TS2820: Type '"Active"' is not assignable to type 'CustomerStatus | EnumCustomerStatusFilter<"Customer"> | undefined'. Did you mean '"ACTIVE"'?
app/api/crm/customers/stats/route.ts(18,17): error TS2353: Object literal may only specify known properties, and 'outstandingBalance' does not exist in type 'CustomerSumAggregateInputType'.
app/api/crm/customers/stats/route.ts(37,27): error TS18048: 'outAgg._sum' is possibly 'undefined'.
app/api/crm/customers/stats/route.ts(37,39): error TS2339: Property 'outstandingBalance' does not exist on type '{ creditLimit?: Decimal | null | undefined; creditDays?: number | null | undefined; }'.
app/api/crm/quotations/dashboard/route.ts(6,29): error TS2552: Cannot find name 'getCompanyId'. Did you mean 'companyId'?
app/api/crm/sales-orders/dashboard/route.ts(6,29): error TS2552: Cannot find name 'getCompanyId'. Did you mean 'companyId'?
app/api/ess/notifications/[id]/route.ts(38,20): error TS2322: Type 'string | null' is not assignable to type 'string | StringFilter<"Notification"> | undefined'.
  Type 'null' is not assignable to type 'string | StringFilter<"Notification"> | undefined'.
app/api/ess/notifications/[id]/route.ts(53,11): error TS2322: Type 'string | null' is not assignable to type 'string | undefined'.
  Type 'null' is not assignable to type 'string | undefined'.
app/api/ess/notifications/route.ts(38,16): error TS2322: Type 'string | null' is not assignable to type 'string | StringFilter<"Notification"> | undefined'.
  Type 'null' is not assignable to type 'string | StringFilter<"Notification"> | undefined'.
app/api/ess/notifications/route.ts(44,16): error TS2322: Type 'string | null' is not assignable to type 'string | StringFilter<"Notification"> | undefined'.
  Type 'null' is not assignable to type 'string | StringFilter<"Notification"> | undefined'.
app/api/ess/org-chart/route.ts(36,18): error TS2322: Type 'string | null' is not assignable to type 'string | StringFilter<"Department"> | undefined'.
  Type 'null' is not assignable to type 'string | StringFilter<"Department"> | undefined'.
app/api/leads/[id]/convert/route.ts(50,11): error TS2322: Type 'string | null' is not assignable to type 'string'.
  Type 'null' is not assignable to type 'string'.
app/api/leads/[id]/convert/route.ts(52,11): error TS2322: Type 'Decimal | null' is not assignable to type 'string | number | Decimal | DecimalJsLike'.
  Type 'null' is not assignable to type 'string | number | Decimal | DecimalJsLike'.
app/dashboard/crm/quotations/components/QuotationPDF.tsx(73,23): error TS7006: Parameter 'item' implicitly has an 'any' type.
app/dashboard/crm/quotations/components/QuotationPDF.tsx(73,29): error TS7006: Parameter 'idx' implicitly has an 'any' type.
app/erp/crm/quotations/components/QuotationPDF.tsx(73,23): error TS7006: Parameter 'item' implicitly has an 'any' type.
app/erp/crm/quotations/components/QuotationPDF.tsx(73,29): error TS7006: Parameter 'idx' implicitly has an 'any' type.
app/erp/finance/components/CashFlowChart.tsx(14,26): error TS7006: Parameter 'c' implicitly has an 'any' type.
app/erp/finance/components/CashFlowChart.tsx(14,29): error TS7006: Parameter 'i' implicitly has an 'any' type.
app/erp/finance/components/IncomeExpenseChart.tsx(17,22): error TS7006: Parameter 'm' implicitly has an 'any' type.
app/erp/finance/components/IncomeExpenseChart.tsx(17,25): error TS7006: Parameter 'i' implicitly has an 'any' type.
app/erp/hr/departments/page.tsx(122,77): error TS7006: Parameter 'v' implicitly has an 'any' type.
app/erp/hr/departments/page.tsx(123,64): error TS7006: Parameter 'v' implicitly has an 'any' type.
app/erp/inventory/products/page.tsx(98,26): error TS2304: Cannot find name 'setError'.
app/erp/inventory/products/page.tsx(114,22): error TS2304: Cannot find name 'setError'.
app/erp/inventory/products/page.tsx(120,19): error TS2304: Cannot find name 'setError'.
app/erp/inventory/products/page.tsx(144,93): error TS2304: Cannot find name 'setError'.
app/erp/inventory/products/page.tsx(323,14): error TS2552: Cannot find name 'error'. Did you mean 'Error'?
app/erp/inventory/products/page.tsx(323,186): error TS2552: Cannot find name 'error'. Did you mean 'Error'?
fix-incomes.ts(15,10): error TS7053: Element implicitly has an 'any' type because expression of type 'string' can't be used to index type '{}'.
  No index signature with a parameter of type 'string' was found on type '{}'.
fix-incomes.ts(15,31): error TS7053: Element implicitly has an 'any' type because expression of type 'string' can't be used to index type '{}'.
  No index signature with a parameter of type 'string' was found on type '{}'.
fix-incomes.ts(16,5): error TS7053: Element implicitly has an 'any' type because expression of type 'string' can't be used to index type '{}'.
  No index signature with a parameter of type 'string' was found on type '{}'.
lib/analytics/crmAnalyticsService.ts(88,13): error TS2353: Object literal may only specify known properties, and 'expectedValue' does not exist in type 'OpportunitySumAggregateInputType'.
lib/analytics/crmAnalyticsService.ts(184,13): error TS2353: Object literal may only specify known properties, and 'expectedValue' does not exist in type 'OpportunitySumAggregateInputType'.
lib/analytics/crmAnalyticsService.ts(186,10): error TS18048: 'openOps._sum' is possibly 'undefined'.
lib/analytics/crmAnalyticsService.ts(186,23): error TS2339: Property 'expectedValue' does not exist on type '{ estimatedRevenue?: Decimal | null | undefined; probability?: number | null | undefined; }'.
lib/analytics/hrAnalyticsService.ts(42,14): error TS2353: Object literal may only specify known properties, and 'jobOpening' does not exist in type 'ApplicantWhereInput'.
lib/analytics/hrAnalyticsService.ts(95,14): error TS2353: Object literal may only specify known properties, and 'request' does not exist in type 'LeaveApprovalWhereInput'.
lib/analytics/hrAnalyticsService.ts(97,7): error TS2353: Object literal may only specify known properties, and 'daysTaken' does not exist in type 'LeaveApprovalSumAggregateInputType'.
lib/analytics/hrAnalyticsService.ts(101,21): error TS18048: 'leaves._sum' is possibly 'undefined'.
lib/analytics/hrAnalyticsService.ts(101,33): error TS2339: Property 'daysTaken' does not exist on type '{ level?: number | null | undefined; }'.
lib/analytics/hrAnalyticsService.ts(122,13): error TS2353: Object literal may only specify known properties, and 'approvedHours' does not exist in type 'AttendanceOvertimeSumAggregateInputType'.
lib/analytics/hrAnalyticsService.ts(124,32): error TS18048: 'ot._sum' is possibly 'undefined'.
lib/analytics/hrAnalyticsService.ts(124,40): error TS2339: Property 'approvedHours' does not exist on type '{ hours?: Decimal | null | undefined; rate?: Decimal | null | undefined; }'.
lib/analytics/hrAnalyticsService.ts(149,5): error TS2322: Type '"amount"[]' is not assignable to type 'EmployeeSalaryScalarFieldEnum | EmployeeSalaryScalarFieldEnum[]'.
  Type '"amount"[]' is not assignable to type 'EmployeeSalaryScalarFieldEnum[]'.
    Type '"amount"' is not assignable to type 'EmployeeSalaryScalarFieldEnum'.
lib/analytics/warehouseAnalyticsService.ts(30,42): error TS2551: Property 'goodsReceipt' does not exist on type 'PrismaClient<PrismaClientOptions, never, DefaultArgs>'. Did you mean 'goodsReceiptNote'?
lib/analytics/warehouseAnalyticsService.ts(33,42): error TS2551: Property 'purchaseRequest' does not exist on type 'PrismaClient<PrismaClientOptions, never, DefaultArgs>'. Did you mean 'purchaseRequisition'?
lib/analytics/warehouseAnalyticsService.ts(103,67): error TS2561: Object literal may only specify known properties, but 'warehouseZone' does not exist in type 'WarehouseBinWhereInput'. Did you mean to write 'warehouse'?
lib/crm/customerCreditService.ts(277,7): error TS2322: Type '"CRITICAL"' is not assignable to type '"LOW"'.
lib/crm/customerCreditService.ts(279,7): error TS2322: Type '"HIGH"' is not assignable to type '"LOW"'.
lib/crm/customerCreditService.ts(281,7): error TS2322: Type '"MEDIUM"' is not assignable to type '"LOW"'.
lib/crm/customerCreditService.ts(285,5): error TS2322: Type '"CRITICAL"' is not assignable to type '"LOW"'.
lib/crm/customerReturnService.ts(111,9): error TS2451: Cannot redeclare block-scoped variable 'existing'.
lib/crm/customerReturnService.ts(116,9): error TS2451: Cannot redeclare block-scoped variable 'existing'.
lib/crm/customerReturnService.ts(142,9): error TS2451: Cannot redeclare block-scoped variable 'existing'.
lib/crm/customerReturnService.ts(147,9): error TS2451: Cannot redeclare block-scoped variable 'existing'.
lib/crm/customerReturnService.ts(393,9): error TS2451: Cannot redeclare block-scoped variable 'existing'.
lib/crm/customerReturnService.ts(398,9): error TS2451: Cannot redeclare block-scoped variable 'existing'.
lib/crm/deliveryOrderService.ts(356,9): error TS2451: Cannot redeclare block-scoped variable 'existing'.
lib/crm/deliveryOrderService.ts(361,9): error TS2451: Cannot redeclare block-scoped variable 'existing'.
lib/inventory/goodsReceiptService.ts(17,32): error TS2551: Property 'goodsReceipt' does not exist on type 'PrismaClient<PrismaClientOptions, never, DefaultArgs>'. Did you mean 'goodsReceiptNote'?
lib/inventory/goodsReceiptService.ts(47,19): error TS2551: Property 'goodsReceipt' does not exist on type 'PrismaClient<PrismaClientOptions, never, DefaultArgs>'. Did you mean 'goodsReceiptNote'?
lib/inventory/goodsReceiptService.ts(71,34): error TS2551: Property 'goodsReceipt' does not exist on type 'PrismaClient<PrismaClientOptions, never, DefaultArgs>'. Did you mean 'goodsReceiptNote'?
lib/inventory/goodsReceiptService.ts(77,41): error TS7006: Parameter 'l' implicitly has an 'any' type.
lib/inventory/goodsReceiptService.ts(82,19): error TS2353: Object literal may only specify known properties, and 'receivedQuantity' does not exist in type '(Without<GoodsReceiptLineUpdateInput, GoodsReceiptLineUncheckedUpdateInput> & GoodsReceiptLineUncheckedUpdateInput) | (Without<...> & GoodsReceiptLineUpdateInput)'.
lib/inventory/goodsReceiptService.ts(86,32): error TS2551: Property 'goodsReceipt' does not exist on type 'Omit<PrismaClient<PrismaClientOptions, never, DefaultArgs>, "$connect" | "$disconnect" | "$on" | "$transaction" | "$extends">'. Did you mean 'goodsReceiptNote'?
lib/inventory/goodsReceiptService.ts(111,34): error TS2551: Property 'goodsReceipt' does not exist on type 'PrismaClient<PrismaClientOptions, never, DefaultArgs>'. Did you mean 'goodsReceiptNote'?
lib/inventory/goodsReceiptService.ts(120,41): error TS7006: Parameter 'l' implicitly has an 'any' type.
lib/inventory/goodsReceiptService.ts(195,17): error TS2551: Property 'goodsReceipt' does not exist on type 'Omit<PrismaClient<PrismaClientOptions, never, DefaultArgs>, "$connect" | "$disconnect" | "$on" | "$transaction" | "$extends">'. Did you mean 'goodsReceiptNote'?
lib/inventory/goodsReceiptService.ts(204,34): error TS2551: Property 'goodsReceipt' does not exist on type 'PrismaClient<PrismaClientOptions, never, DefaultArgs>'. Did you mean 'goodsReceiptNote'?
lib/inventory/goodsReceiptService.ts(215,19): error TS2551: Property 'goodsReceipt' does not exist on type 'PrismaClient<PrismaClientOptions, never, DefaultArgs>'. Did you mean 'goodsReceiptNote'?
lib/inventory/goodsReceiptService.ts(222,34): error TS2551: Property 'goodsReceipt' does not exist on type 'PrismaClient<PrismaClientOptions, never, DefaultArgs>'. Did you mean 'goodsReceiptNote'?
lib/inventory/goodsReceiptService.ts(226,19): error TS2551: Property 'goodsReceipt' does not exist on type 'PrismaClient<PrismaClientOptions, never, DefaultArgs>'. Did you mean 'goodsReceiptNote'?
lib/inventory/goodsReceiptService.ts(233,19): error TS2551: Property 'goodsReceipt' does not exist on type 'PrismaClient<PrismaClientOptions, never, DefaultArgs>'. Did you mean 'goodsReceiptNote'?
lib/inventory/goodsReceiptService.ts(240,19): error TS2551: Property 'goodsReceipt' does not exist on type 'PrismaClient<PrismaClientOptions, never, DefaultArgs>'. Did you mean 'goodsReceiptNote'?
lib/inventory/packingService.ts(107,57): error TS2554: Expected 1 arguments, but got 2.
lib/inventory/packingService.ts(123,64): error TS2554: Expected 1 arguments, but got 2.
lib/inventory/pickingService.ts(139,53): error TS2554: Expected 1 arguments, but got 2.
lib/portal/customerPortalService.ts(3,20): error TS2307: Cannot find module 'bcrypt' or its corresponding type declarations.
lib/procurement/goodsReceiptService.ts(111,11): error TS2353: Object literal may only specify known properties, and 'sourceType' does not exist in type 'Without<StockMovementCreateInput, StockMovementUncheckedCreateInput> & StockMovementUncheckedCreateInput'.
lib/procurement/goodsReceiptService.ts(120,18): error TS2353: Object literal may only specify known properties, and 'companyId_productId_warehouseId' does not exist in type 'ProductWarehouseWhereUniqueInput'.
lib/procurement/goodsReceiptService.ts(222,7): error TS2353: Object literal may only specify known properties, and 'remainingQty' does not exist in type 'Without<InventoryValuationLayerCreateInput, InventoryValuationLayerUncheckedCreateInput> & InventoryValuationLayerUncheckedCreateInput'.
lib/procurement/purchaseOrderService.ts(62,5): error TS2353: Object literal may only specify known properties, and 'companyId' does not exist in type 'LogAuditParams'.
lib/procurement/purchaseOrderService.ts(118,5): error TS2353: Object literal may only specify known properties, and 'companyId' does not exist in type 'LogAuditParams'.
lib/procurement/purchaseOrderService.ts(180,5): error TS2353: Object literal may only specify known properties, and 'companyId' does not exist in type 'LogAuditParams'.
lib/procurement/purchaseOrderService.ts(203,5): error TS2353: Object literal may only specify known properties, and 'companyId' does not exist in type 'LogAuditParams'.
lib/procurement/purchaseOrderService.ts(223,5): error TS2353: Object literal may only specify known properties, and 'companyId' does not exist in type 'LogAuditParams'.
lib/procurement/purchaseRequestService.ts(12,32): error TS2551: Property 'purchaseRequest' does not exist on type 'PrismaClient<PrismaClientOptions, never, DefaultArgs>'. Did you mean 'purchaseRequisition'?
lib/procurement/purchaseRequestService.ts(17,34): error TS2551: Property 'purchaseRequest' does not exist on type 'PrismaClient<PrismaClientOptions, never, DefaultArgs>'. Did you mean 'purchaseRequisition'?
lib/procurement/purchaseRequestService.ts(41,19): error TS2551: Property 'purchaseRequest' does not exist on type 'PrismaClient<PrismaClientOptions, never, DefaultArgs>'. Did you mean 'purchaseRequisition'?
lib/procurement/purchaseRequestService.ts(70,19): error TS2551: Property 'purchaseRequest' does not exist on type 'PrismaClient<PrismaClientOptions, never, DefaultArgs>'. Did you mean 'purchaseRequisition'?
lib/procurement/purchaseRequestService.ts(83,19): error TS2551: Property 'purchaseRequest' does not exist on type 'PrismaClient<PrismaClientOptions, never, DefaultArgs>'. Did you mean 'purchaseRequisition'?
lib/procurement/purchaseRequestService.ts(96,51): error TS7006: Parameter 'acc' implicitly has an 'any' type.
lib/procurement/purchaseRequestService.ts(96,56): error TS7006: Parameter 'line' implicitly has an 'any' type.
lib/procurement/purchaseRequestService.ts(117,17): error TS2551: Property 'purchaseRequest' does not exist on type 'Omit<PrismaClient<PrismaClientOptions, never, DefaultArgs>, "$connect" | "$disconnect" | "$on" | "$transaction" | "$extends">'. Did you mean 'purchaseRequisition'?
lib/procurement/purchaseRequestService.ts(131,19): error TS2551: Property 'purchaseRequest' does not exist on type 'PrismaClient<PrismaClientOptions, never, DefaultArgs>'. Did you mean 'purchaseRequisition'?
lib/procurement/purchaseRequestService.ts(138,19): error TS2551: Property 'purchaseRequest' does not exist on type 'PrismaClient<PrismaClientOptions, never, DefaultArgs>'. Did you mean 'purchaseRequisition'?
lib/procurement/purchaseRequisitionService.ts(38,5): error TS2353: Object literal may only specify known properties, and 'companyId' does not exist in type 'LogAuditParams'.
lib/procurement/purchaseRequisitionService.ts(78,5): error TS2353: Object literal may only specify known properties, and 'companyId' does not exist in type 'LogAuditParams'.
lib/procurement/purchaseRequisitionService.ts(98,5): error TS2353: Object literal may only specify known properties, and 'companyId' does not exist in type 'LogAuditParams'.
lib/procurement/purchaseRequisitionService.ts(122,5): error TS2353: Object literal may only specify known properties, and 'companyId' does not exist in type 'LogAuditParams'.
lib/procurement/purchaseRequisitionService.ts(145,5): error TS2353: Object literal may only specify known properties, and 'companyId' does not exist in type 'LogAuditParams'.
lib/procurement/purchaseRequisitionService.ts(168,5): error TS2353: Object literal may only specify known properties, and 'companyId' does not exist in type 'LogAuditParams'.
lib/procurement/purchaseRequisitionService.ts(188,5): error TS2353: Object literal may only specify known properties, and 'companyId' does not exist in type 'LogAuditParams'.
lib/procurement/reorderService.ts(56,40): error TS2551: Property 'purchaseOrderItem' does not exist on type 'PrismaClient<PrismaClientOptions, never, DefaultArgs>'. Did you mean 'purchaseOrder'?
lib/procurement/reorderService.ts(84,30): error TS2551: Property 'autoGeneratePurchaseRequest' does not exist on type '{ id: string; companyId: string; createdAt: Date; updatedAt: Date; isActive: boolean; warehouseId: string; productId: string; minimumQuantity: Decimal; maximumQuantity: Decimal; ... 5 more ...; autoGeneratePurchaseRequisition: boolean; }'. Did you mean 'autoGeneratePurchaseRequisition'?
lib/procurement/rfqService.ts(44,5): error TS2353: Object literal may only specify known properties, and 'companyId' does not exist in type 'LogAuditParams'.
lib/procurement/rfqService.ts(67,5): error TS2353: Object literal may only specify known properties, and 'companyId' does not exist in type 'LogAuditParams'.
lib/procurement/rfqService.ts(87,5): error TS2353: Object literal may only specify known properties, and 'companyId' does not exist in type 'LogAuditParams'.
lib/procurement/rfqService.ts(110,5): error TS2353: Object literal may only specify known properties, and 'companyId' does not exist in type 'LogAuditParams'.
lib/procurement/supplierInvoiceService.ts(5,10): error TS2305: Module '"@/lib/accounting/postingService"' has no exported member 'postJournalEntry'.
lib/procurement/supplierPaymentService.ts(4,10): error TS2305: Module '"@/lib/accounting/postingService"' has no exported member 'postJournalEntry'.
lib/procurement/supplierService.ts(35,5): error TS2353: Object literal may only specify known properties, and 'companyId' does not exist in type 'LogAuditParams'.
lib/procurement/supplierService.ts(65,5): error TS2353: Object literal may only specify known properties, and 'companyId' does not exist in type 'LogAuditParams'.
lib/procurement/supplierService.ts(84,5): error TS2353: Object literal may only specify known properties, and 'companyId' does not exist in type 'LogAuditParams'.
lib/procurement/supplierService.ts(146,5): error TS2353: Object literal may only specify known properties, and 'companyId' does not exist in type 'LogAuditParams'.
lib/procurement/supplierService.ts(166,5): error TS2353: Object literal may only specify known properties, and 'companyId' does not exist in type 'LogAuditParams'.
lib/procurement/supplierService.ts(194,5): error TS2353: Object literal may only specify known properties, and 'companyId' does not exist in type 'LogAuditParams'.
lib/procurement/supplierService.ts(222,5): error TS2353: Object literal may only specify known properties, and 'companyId' does not exist in type 'LogAuditParams'.
lib/procurement/vendorComparisonService.ts(52,5): error TS2353: Object literal may only specify known properties, and 'companyId' does not exist in type 'LogAuditParams'.
lib/procurement/vendorComparisonService.ts(93,5): error TS2353: Object literal may only specify known properties, and 'companyId' does not exist in type 'LogAuditParams'.
lib/procurement/vendorComparisonService.ts(127,5): error TS2353: Object literal may only specify known properties, and 'companyId' does not exist in type 'LogAuditParams'.
lib/procurement/vendorComparisonService.ts(155,5): error TS2353: Object literal may only specify known properties, and 'companyId' does not exist in type 'LogAuditParams'.
lib/procurement/vendorComparisonService.ts(178,5): error TS2353: Object literal may only specify known properties, and 'companyId' does not exist in type 'LogAuditParams'.
lib/procurement/vendorComparisonService.ts(198,5): error TS2353: Object literal may only specify known properties, and 'companyId' does not exist in type 'LogAuditParams'.
lib/procurement/vendorQuotationService.ts(57,5): error TS2353: Object literal may only specify known properties, and 'companyId' does not exist in type 'LogAuditParams'.
lib/procurement/vendorQuotationService.ts(77,5): error TS2353: Object literal may only specify known properties, and 'companyId' does not exist in type 'LogAuditParams'.
lib/procurement/vendorQuotationService.ts(99,5): error TS2353: Object literal may only specify known properties, and 'companyId' does not exist in type 'LogAuditParams'.
lib/procurement/vendorQuotationService.ts(122,5): error TS2353: Object literal may only specify known properties, and 'companyId' does not exist in type 'LogAuditParams'.
test-route.ts(1,21): error TS5097: An import path can only end with a '.ts' extension when 'allowImportingTsExtensions' is enabled.
test-route.ts(5,1): error TS2304: Cannot find name 'jest'.
